
> EmpireLaunchAI-frontend@4.7.0-ELECTRIC-REVENUE build
> next build

▲ Next.js 16.2.6 (Turbopack)
- Environments: .env.local

⚠ The "middleware" file convention is deprecated. Please use "proxy" instead. Learn more: https://nextjs.org/docs/messages/middleware-to-proxy
  Creating an optimized production build ...
✓ Compiled successfully in 25.2s
  Skipping validation of types
  Finished TypeScript config validation in 326ms ...
  Collecting page data using 1 worker ...
  Generating static pages using 1 worker (0/14) ...
  Generating static pages using 1 worker (3/14) 
  Generating static pages using 1 worker (6/14) 
  Generating static pages using 1 worker (10/14) 
✓ Generating static pages using 1 worker (14/14) in 732ms
  Finalizing page optimization ...

Route (app)
┌ ○ /
├ ○ /_not-found
├ ○ /analytics
├ ○ /apple-icon.png
├ ƒ /auth/callback/[platform]
├ ○ /dashboard
├ ○ /design-center
├ ○ /empire-center
├ ○ /icon.png
├ ○ /link-center
├ ○ /onboarding
├ ƒ /p/[id]
├ ○ /review
└ ○ /settings


ƒ Proxy (Middleware)

○  (Static)   prerendered as static content
ƒ  (Dynamic)  server-rendered on demand

