
> EmpireLaunchAI-frontend@4.7.0-ELECTRIC-REVENUE build
> next build

▲ Next.js 16.2.6 (Turbopack)
- Environments: .env.local

⚠ The "middleware" file convention is deprecated. Please use "proxy" instead. Learn more: https://nextjs.org/docs/messages/middleware-to-proxy
  Creating an optimized production build ...

> Build error occurred
Error: Turbopack build failed with 6 errors:
./src/app/(authenticated)/dashboard/page.tsx:17:10
the name `cn` is defined multiple times
  [90m15 |[0m [36mimport[0m { [33mSuccessHubOverview[0m } [36mfrom[0m [32m'@/components/Dashboard/SuccessHub/SuccessHubOverview'[0m;
  [90m16 |[0m [36mimport[0m { [33mStars[0m, [33mHome[0m, [33mArrowUpRight[0m, [33mPlus[0m, [33mX[0m, [33mLayoutDashboard[0m, [33mGlobe[0m, [33mSparkles[0m } [36mfrom[0m [32m'lucide-react'[0m;
[31m[1m>[0m [90m17 |[0m [36mimport[0m { cn } [36mfrom[0m [32m'@/lib/utils'[0m;
  [90m   |[0m          [31m[1m^^[0m
  [90m18 |[0m [36mimport[0m { [33mAPI_URL[0m } [36mfrom[0m [32m'@/lib/config'[0m;
  [90m19 |[0m [36mimport[0m { motion, [33mAnimatePresence[0m } [36mfrom[0m [32m'framer-motion'[0m;
  [90m20 |[0m [36mimport[0m { useEmpire } [36mfrom[0m [32m'@/lib/EmpireContext'[0m;

Ecmascript file had an error

Import traces:
  Client Component Browser:
    ./src/app/(authenticated)/dashboard/page.tsx [Client Component Browser]
    ./src/app/(authenticated)/dashboard/page.tsx [Server Component]

  Client Component SSR:
    ./src/app/(authenticated)/dashboard/page.tsx [Client Component SSR]
    ./src/app/(authenticated)/dashboard/page.tsx [Server Component]


./src/components/Dashboard/GuidedLinking.tsx:24:10
the name `cn` is defined multiple times
  [90m22 |[0m   [33mCpu[0m
  [90m23 |[0m   } [36mfrom[0m [32m'lucide-react'[0m;
[31m[1m>[0m [90m24 |[0m [36mimport[0m { cn } [36mfrom[0m [32m'@/lib/utils'[0m;
  [90m   |[0m          [31m[1m^^[0m
  [90m25 |[0m [36mimport[0m { useEmpire } [36mfrom[0m [32m'@/lib/EmpireContext'[0m;
  [90m26 |[0m [36mimport[0m { useRouter } [36mfrom[0m [32m'next/navigation'[0m;
  [90m27 |[0m

Ecmascript file had an error

Import traces:
  Client Component Browser:
    ./src/components/Dashboard/GuidedLinking.tsx [Client Component Browser]
    ./src/app/(authenticated)/link-center/page.tsx [Client Component Browser]
    ./src/app/(authenticated)/link-center/page.tsx [Server Component]

  Client Component SSR:
    ./src/components/Dashboard/GuidedLinking.tsx [Client Component SSR]
    ./src/app/(authenticated)/link-center/page.tsx [Client Component SSR]
    ./src/app/(authenticated)/link-center/page.tsx [Server Component]


./src/components/Dashboard/SuccessHub/InboxAssistant.tsx:7:10
the name `cn` is defined multiple times
  [90m 5 |[0m [36mimport[0m { motion, [33mAnimatePresence[0m } [36mfrom[0m [32m'framer-motion'[0m;
  [90m 6 |[0m [36mimport[0m { [33mMessageSquare[0m, [33mCopy[0m, [33mCheck[0m, [33mExternalLink[0m, [33mBot[0m, [33mUser[0m, [33mZap[0m, [33mTrash2[0m, [33mInfo[0m, [33mChevronRight[0m } [36mfrom[0m [32m'lucide-react'[0m;
[31m[1m>[0m [90m 7 |[0m [36mimport[0m { cn } [36mfrom[0m [32m'@/lib/utils'[0m;
  [90m   |[0m          [31m[1m^^[0m
  [90m 8 |[0m [36mimport[0m { retentionService, [33mInboxDraft[0m } [36mfrom[0m [32m'@/lib/api-service'[0m;
  [90m 9 |[0m
  [90m10 |[0m [36mimport[0m { useEmpire } [36mfrom[0m [32m'@/lib/EmpireContext'[0m;

Ecmascript file had an error

Import traces:
  Client Component Browser:
    ./src/components/Dashboard/SuccessHub/InboxAssistant.tsx [Client Component Browser]
    ./src/components/Dashboard/SuccessHub/SuccessHubOverview.tsx [Client Component Browser]
    ./src/app/(authenticated)/dashboard/page.tsx [Client Component Browser]
    ./src/app/(authenticated)/dashboard/page.tsx [Server Component]

  Client Component SSR:
    ./src/components/Dashboard/SuccessHub/InboxAssistant.tsx [Client Component SSR]
    ./src/components/Dashboard/SuccessHub/SuccessHubOverview.tsx [Client Component SSR]
    ./src/app/(authenticated)/dashboard/page.tsx [Client Component SSR]
    ./src/app/(authenticated)/dashboard/page.tsx [Server Component]


./src/components/Dashboard/SuccessHub/TrustPulse.tsx:7:10
the name `cn` is defined multiple times
  [90m 5 |[0m [36mimport[0m { motion } [36mfrom[0m [32m'framer-motion'[0m;
  [90m 6 |[0m [36mimport[0m { [33mShieldCheck[0m, [33mHeart[0m, [33mZap[0m, [33mHistory[0m, [33mInfo[0m } [36mfrom[0m [32m'lucide-react'[0m;
[31m[1m>[0m [90m 7 |[0m [36mimport[0m { cn } [36mfrom[0m [32m'@/lib/utils'[0m;
  [90m   |[0m          [31m[1m^^[0m
  [90m 8 |[0m [36mimport[0m { retentionService, [33mTrustScore[0m, [33mSentimentPoint[0m } [36mfrom[0m [32m'@/lib/api-service'[0m;
  [90m 9 |[0m
  [90m10 |[0m [36mexport[0m [36mconst[0m [33mTrustPulse[0m = () => {

Ecmascript file had an error

Import traces:
  Client Component Browser:
    ./src/components/Dashboard/SuccessHub/TrustPulse.tsx [Client Component Browser]
    ./src/components/Dashboard/SuccessHub/SuccessHubOverview.tsx [Client Component Browser]
    ./src/app/(authenticated)/dashboard/page.tsx [Client Component Browser]
    ./src/app/(authenticated)/dashboard/page.tsx [Server Component]

  Client Component SSR:
    ./src/components/Dashboard/SuccessHub/TrustPulse.tsx [Client Component SSR]
    ./src/components/Dashboard/SuccessHub/SuccessHubOverview.tsx [Client Component SSR]
    ./src/app/(authenticated)/dashboard/page.tsx [Client Component SSR]
    ./src/app/(authenticated)/dashboard/page.tsx [Server Component]


./src/components/EmpireMode/ApprovalQueue.tsx:16:10
the name `cn` is defined multiple times
  [90m14 |[0m   [33mChevronLeft[0m
  [90m15 |[0m } [36mfrom[0m [32m'lucide-react'[0m;
[31m[1m>[0m [90m16 |[0m [36mimport[0m { cn } [36mfrom[0m [32m'@/lib/utils'[0m;
  [90m   |[0m          [31m[1m^^[0m
  [90m17 |[0m [36mimport[0m { approvalService, [33mApprovalRequest[0m } [36mfrom[0m [32m'@/lib/api-service'[0m;
  [90m18 |[0m [36mimport[0m { [33mVaultInjected[0m } [36mfrom[0m [32m'@/components/VaultInjected'[0m;
  [90m19 |[0m [36mimport[0m { [33mBlueprintGate[0m } [36mfrom[0m [32m'./Gates/BlueprintGate'[0m;

Ecmascript file had an error

Import traces:
  Client Component Browser:
    ./src/components/EmpireMode/ApprovalQueue.tsx [Client Component Browser]
    ./src/app/(authenticated)/dashboard/page.tsx [Client Component Browser]
    ./src/app/(authenticated)/dashboard/page.tsx [Server Component]

  Client Component SSR:
    ./src/components/EmpireMode/ApprovalQueue.tsx [Client Component SSR]
    ./src/app/(authenticated)/dashboard/page.tsx [Client Component SSR]
    ./src/app/(authenticated)/dashboard/page.tsx [Server Component]


./src/components/EmpireMode/CreativeBlueprint.tsx:21:10
the name `cn` is defined multiple times
  [90m19 |[0m } [36mfrom[0m [32m'lucide-react'[0m;
  [90m20 |[0m [36mimport[0m { motion, [33mAnimatePresence[0m } [36mfrom[0m [32m'framer-motion'[0m;
[31m[1m>[0m [90m21 |[0m [36mimport[0m { cn } [36mfrom[0m [32m'@/lib/utils'[0m;
  [90m   |[0m          [31m[1m^^[0m
  [90m22 |[0m [36mimport[0m { creativeService, [33mCreativeBlueprintData[0m, [33mDesignTask[0m } [36mfrom[0m [32m'@/lib/api-service'[0m;
  [90m23 |[0m [36mimport[0m { [33mVaultInjected[0m } [36mfrom[0m [32m'@/components/VaultInjected'[0m;
  [90m24 |[0m [36mimport[0m { [33mBrandedGlobe[0m } [36mfrom[0m [32m'@/components/BrandedGlobe'[0m;

Ecmascript file had an error

Import traces:
  Client Component Browser:
    ./src/components/EmpireMode/CreativeBlueprint.tsx [Client Component Browser]
    ./src/app/(authenticated)/design-center/page.tsx [Client Component Browser]
    ./src/app/(authenticated)/design-center/page.tsx [Server Component]

  Client Component SSR:
    ./src/components/EmpireMode/CreativeBlueprint.tsx [Client Component SSR]
    ./src/app/(authenticated)/design-center/page.tsx [Client Component SSR]
    ./src/app/(authenticated)/design-center/page.tsx [Server Component]


    at <unknown> (./src/app/(authenticated)/dashboard/page.tsx:17:10)
    at <unknown> (./src/components/Dashboard/GuidedLinking.tsx:24:10)
    at <unknown> (./src/components/Dashboard/SuccessHub/InboxAssistant.tsx:7:10)
    at <unknown> (./src/components/Dashboard/SuccessHub/TrustPulse.tsx:7:10)
    at <unknown> (./src/components/EmpireMode/ApprovalQueue.tsx:16:10)
    at <unknown> (./src/components/EmpireMode/CreativeBlueprint.tsx:21:10)
